[FABRIC:MT] 2
[FABRIC:MT] false
[FABRIC:MT] true
[FABRIC:MT] completed!
